2026-07-04 08:30:32  INFO   INGEST  reindexing knowledge base (poison_mode=False)
2026-07-04 08:30:32  INFO   CHUNK   airline_x_baggage          -> 3 chunk(s)
2026-07-04 08:30:32  INFO   CHUNK   company_faq                -> 3 chunk(s)
2026-07-04 08:30:32  INFO   CHUNK   destination_bali           -> 3 chunk(s)
2026-07-04 08:30:32  INFO   CHUNK   destination_barcelona      -> 2 chunk(s)
2026-07-04 08:30:32  INFO   CHUNK   destination_rome           -> 3 chunk(s)
2026-07-04 08:30:32  INFO   CHUNK   hotel_y_policy             -> 3 chunk(s)
2026-07-04 08:30:32  INFO   CHUNK   visa_thailand              -> 3 chunk(s)
2026-07-04 08:30:32  INFO   STORE   persisted vector store snapshot -> logs\vectorstore.json
2026-07-04 08:30:32  INFO   STORE   built vector index: 20 chunks, 282 vocabulary terms
2026-07-04 08:30:34  INFO   SERVER  starting on http://localhost:8001 (chunks=20, poison=False)
2026-07-04 08:31:11  INFO   RETEVAL n=10 Hit@1=1.00 Hit@4=1.00 MRR=1.00
2026-07-06 07:37:54  INFO   INGEST  reindexing knowledge base (poison_mode=False)
2026-07-06 07:37:54  INFO   CHUNK   airline_x_baggage          -> 3 chunk(s)
2026-07-06 07:37:54  INFO   CHUNK   company_faq                -> 3 chunk(s)
2026-07-06 07:37:54  INFO   CHUNK   destination_bali           -> 3 chunk(s)
2026-07-06 07:37:54  INFO   CHUNK   destination_barcelona      -> 2 chunk(s)
2026-07-06 07:37:54  INFO   CHUNK   destination_rome           -> 3 chunk(s)
2026-07-06 07:37:54  INFO   CHUNK   hotel_y_policy             -> 3 chunk(s)
2026-07-06 07:37:54  INFO   CHUNK   visa_thailand              -> 3 chunk(s)
2026-07-06 07:37:54  INFO   STORE   persisted vector store snapshot -> logs\vectorstore.json
2026-07-06 07:37:54  INFO   STORE   built vector index: 20 chunks, 282 vocabulary terms
2026-07-06 07:37:56  INFO   SERVER  starting on http://localhost:8002 (chunks=20, poison=False)
2026-07-06 07:38:22  INFO   PROBE   q='visa' top_k=4 expected=- rank=None
2026-07-06 07:38:50  INFO   RETEVAL n=10 Hit@1=1.00 Hit@4=1.00 MRR=1.00
2026-07-06 20:02:28  INFO   INGEST  reindexing knowledge base (poison_mode=False)
2026-07-06 20:02:28  INFO   CHUNK   airline_x_baggage          -> 3 chunk(s)
2026-07-06 20:02:28  INFO   CHUNK   company_faq                -> 3 chunk(s)
2026-07-06 20:02:28  INFO   CHUNK   destination_bali           -> 3 chunk(s)
2026-07-06 20:02:28  INFO   CHUNK   destination_barcelona      -> 2 chunk(s)
2026-07-06 20:02:28  INFO   CHUNK   destination_rome           -> 3 chunk(s)
2026-07-06 20:02:28  INFO   CHUNK   hotel_y_policy             -> 3 chunk(s)
2026-07-06 20:02:28  INFO   CHUNK   visa_thailand              -> 3 chunk(s)
2026-07-06 20:02:28  INFO   STORE   persisted vector store snapshot -> logs\vectorstore.json
2026-07-06 20:02:28  INFO   STORE   built vector index: 20 chunks, 282 vocabulary terms
2026-07-06 20:02:30  INFO   SERVER  starting on http://localhost:8002 (chunks=20, poison=False)
2026-07-06 20:02:56  INFO   PROBE   q='hyderbad' top_k=2 expected=- rank=None
2026-07-06 20:03:15  INFO   PROBE   q='best time to visit hyderabad' top_k=2 expected=- rank=None
2026-07-06 20:04:00  INFO   RETEVAL n=10 Hit@1=1.00 Hit@2=1.00 MRR=1.00
2026-07-06 21:26:23  INFO   INGEST  reindexing knowledge base (poison_mode=False)
2026-07-06 21:26:23  INFO   CHUNK   airline_x_baggage          -> 3 chunk(s)
2026-07-06 21:26:23  INFO   CHUNK   company_faq                -> 3 chunk(s)
2026-07-06 21:26:23  INFO   CHUNK   destination_bali           -> 3 chunk(s)
2026-07-06 21:26:23  INFO   CHUNK   destination_barcelona      -> 2 chunk(s)
2026-07-06 21:26:23  INFO   CHUNK   destination_rome           -> 3 chunk(s)
2026-07-06 21:26:23  INFO   CHUNK   hotel_y_policy             -> 3 chunk(s)
2026-07-06 21:26:23  INFO   CHUNK   visa_thailand              -> 3 chunk(s)
2026-07-06 21:26:23  INFO   STORE   persisted vector store snapshot -> logs\vectorstore.json
2026-07-06 21:26:23  INFO   STORE   built vector index: 20 chunks, 282 vocabulary terms
2026-07-06 21:26:25  INFO   SERVER  starting on http://localhost:8004 (chunks=20, poison=False)
2026-07-08 21:36:42  INFO   INGEST  reindexing knowledge base (poison_mode=False)
2026-07-08 21:36:42  INFO   CHUNK   airline_x_baggage          -> 3 chunk(s)
2026-07-08 21:36:42  INFO   CHUNK   company_faq                -> 3 chunk(s)
2026-07-08 21:36:42  INFO   CHUNK   destination_bali           -> 3 chunk(s)
2026-07-08 21:36:42  INFO   CHUNK   destination_barcelona      -> 2 chunk(s)
2026-07-08 21:36:42  INFO   CHUNK   destination_rome           -> 3 chunk(s)
2026-07-08 21:36:42  INFO   CHUNK   hotel_y_policy             -> 3 chunk(s)
2026-07-08 21:36:42  INFO   CHUNK   visa_thailand              -> 3 chunk(s)
2026-07-08 21:36:42  INFO   STORE   persisted vector store snapshot -> logs\vectorstore.json
2026-07-08 21:36:42  INFO   STORE   built vector index: 20 chunks, 282 vocabulary terms
2026-07-08 21:36:44  INFO   SERVER  starting on http://localhost:8002 (chunks=20, poison=False)
2026-08-10 20:14:38  INFO   INGEST  reindexing knowledge base (poison_mode=False)
2026-08-10 20:14:38  INFO   CHUNK   airline_x_baggage          -> 3 chunk(s)
2026-08-10 20:14:38  INFO   CHUNK   company_faq                -> 3 chunk(s)
2026-08-10 20:14:38  INFO   CHUNK   destination_bali           -> 3 chunk(s)
2026-08-10 20:14:38  INFO   CHUNK   destination_barcelona      -> 2 chunk(s)
2026-08-10 20:14:38  INFO   CHUNK   destination_rome           -> 3 chunk(s)
2026-08-10 20:14:38  INFO   CHUNK   hotel_y_policy             -> 3 chunk(s)
2026-08-10 20:14:38  INFO   CHUNK   visa_thailand              -> 3 chunk(s)
2026-08-10 20:14:38  INFO   STORE   persisted vector store snapshot -> logs\vectorstore.json
2026-08-10 20:14:38  INFO   STORE   built vector index: 20 chunks, 282 vocabulary terms
2026-08-10 20:14:40  INFO   SERVER  starting on http://localhost:8002 (chunks=20, poison=False)
2026-08-10 20:53:59  INFO   PROBE   q='baggage' top_k=4 expected=- rank=None
2026-08-10 20:54:15  INFO   PROBE   q='visa' top_k=4 expected=- rank=None
2026-08-10 20:54:23  INFO   RETEVAL n=10 Hit@1=1.00 Hit@4=1.00 MRR=1.00
