2026-07-04 09:49:29  INFO   INGEST  reindexing knowledge base (poison_mode=False)
2026-07-04 09:49:29  INFO   CHUNK   airline_x_baggage          -> 3 chunk(s)
2026-07-04 09:49:29  INFO   CHUNK   company_faq                -> 3 chunk(s)
2026-07-04 09:49:29  INFO   CHUNK   destination_bali           -> 3 chunk(s)
2026-07-04 09:49:29  INFO   CHUNK   destination_barcelona      -> 2 chunk(s)
2026-07-04 09:49:29  INFO   CHUNK   destination_rome           -> 3 chunk(s)
2026-07-04 09:49:29  INFO   CHUNK   hotel_y_policy             -> 3 chunk(s)
2026-07-04 09:49:29  INFO   CHUNK   visa_thailand              -> 3 chunk(s)
2026-07-04 09:49:29  INFO   STORE   persisted vector store snapshot -> logs\vectorstore.json
2026-07-04 09:49:29  INFO   STORE   built vector index: 20 chunks, 282 vocabulary terms
2026-07-04 09:49:32  INFO   SERVER  starting on http://localhost:8002 (chunks=20, poison=False)
2026-07-04 09:51:41  INFO   CONFIG  defenses set to True
2026-07-04 09:51:41  INFO   INGEST  reindexing knowledge base (poison_mode=True)
2026-07-04 09:51:41  INFO   CHUNK   airline_x_baggage          -> 3 chunk(s)
2026-07-04 09:51:41  INFO   CHUNK   company_faq                -> 3 chunk(s)
2026-07-04 09:51:41  INFO   CHUNK   destination_bali           -> 3 chunk(s)
2026-07-04 09:51:41  INFO   CHUNK   destination_barcelona      -> 2 chunk(s)
2026-07-04 09:51:41  INFO   CHUNK   destination_rome           -> 3 chunk(s)
2026-07-04 09:51:41  INFO   CHUNK   hotel_y_policy             -> 3 chunk(s)
2026-07-04 09:51:41  INFO   CHUNK   visa_thailand              -> 3 chunk(s)
2026-07-04 09:51:41  INFO   CHUNK   POISON_airline_x_baggage_2026 -> 1 chunk(s)
2026-07-04 09:51:41  INFO   CHUNK   POISON_hotel_y_refund_policy -> 1 chunk(s)
2026-07-04 09:51:41  INFO   CHUNK   POISON_paris_travel_notes  -> 1 chunk(s)
2026-07-04 09:51:41  INFO   CHUNK   POISON_thailand_visa_update -> 1 chunk(s)
2026-07-04 09:51:41  INFO   STORE   persisted vector store snapshot -> logs\vectorstore.json
2026-07-04 09:51:41  INFO   STORE   built vector index: 24 chunks, 319 vocabulary terms
2026-07-04 09:51:56  INFO   CONFIG  defenses set to False
2026-07-04 09:51:56  INFO   INGEST  reindexing knowledge base (poison_mode=True)
2026-07-04 09:51:56  INFO   CHUNK   airline_x_baggage          -> 3 chunk(s)
2026-07-04 09:51:56  INFO   CHUNK   company_faq                -> 3 chunk(s)
2026-07-04 09:51:56  INFO   CHUNK   destination_bali           -> 3 chunk(s)
2026-07-04 09:51:56  INFO   CHUNK   destination_barcelona      -> 2 chunk(s)
2026-07-04 09:51:56  INFO   CHUNK   destination_rome           -> 3 chunk(s)
2026-07-04 09:51:56  INFO   CHUNK   hotel_y_policy             -> 3 chunk(s)
2026-07-04 09:51:56  INFO   CHUNK   visa_thailand              -> 3 chunk(s)
2026-07-04 09:51:56  INFO   CHUNK   POISON_airline_x_baggage_2026 -> 1 chunk(s)
2026-07-04 09:51:56  INFO   CHUNK   POISON_hotel_y_refund_policy -> 1 chunk(s)
2026-07-04 09:51:56  INFO   CHUNK   POISON_paris_travel_notes  -> 1 chunk(s)
2026-07-04 09:51:56  INFO   CHUNK   POISON_thailand_visa_update -> 1 chunk(s)
2026-07-04 09:51:56  INFO   STORE   persisted vector store snapshot -> logs\vectorstore.json
2026-07-04 09:51:56  INFO   STORE   built vector index: 24 chunks, 319 vocabulary terms
2026-07-04 09:53:14  INFO   QUERY   tester=tester1  q='Do Indian passport holders need a visa for Thailand?'
2026-07-04 09:53:14  INFO   RETRIEVE top_k=4 -> POISON_thailand_visa_update#visa_on_arrival-0(0.566), visa_thailand#visa_on_arrival-0(0.478), visa_thailand#longer_stays-0(0.325), visa_thailand#notes-0(0.127)
2026-07-04 09:53:14  INFO   GUARD   indirect injection detected in chunk POISON_thailand_visa_update#visa_on_arrival-0 (defenses=False)
2026-07-04 09:53:14  INFO   ANSWER  used=3 chunk(s) latency=24ms
2026-07-04 09:54:03  INFO   JUDGE   tester=tester1 chunk=POISON_thailand_visa_update#visa_on_arrival-0 verdict=not_relevant  query='Do Indian passport holders need a visa for Thailand?'
2026-07-04 09:54:05  INFO   JUDGE   tester=tester1 chunk=visa_thailand#visa_on_arrival-0 verdict=not_relevant  query='Do Indian passport holders need a visa for Thailand?'
2026-07-04 09:54:09  INFO   JUDGE   tester=tester1 chunk=visa_thailand#longer_stays-0 verdict=not_relevant  query='Do Indian passport holders need a visa for Thailand?'
2026-07-04 09:54:17  INFO   JUDGE   tester=tester1 chunk=visa_thailand#notes-0 verdict=not_relevant  query='Do Indian passport holders need a visa for Thailand?'
2026-07-04 09:55:37  INFO   INGEST  reindexing knowledge base (poison_mode=False)
2026-07-04 09:55:37  INFO   CHUNK   airline_x_baggage          -> 3 chunk(s)
2026-07-04 09:55:37  INFO   CHUNK   company_faq                -> 3 chunk(s)
2026-07-04 09:55:37  INFO   CHUNK   destination_bali           -> 3 chunk(s)
2026-07-04 09:55:37  INFO   CHUNK   destination_barcelona      -> 2 chunk(s)
2026-07-04 09:55:37  INFO   CHUNK   destination_rome           -> 3 chunk(s)
2026-07-04 09:55:37  INFO   CHUNK   hotel_y_policy             -> 3 chunk(s)
2026-07-04 09:55:37  INFO   CHUNK   visa_thailand              -> 3 chunk(s)
2026-07-04 09:55:37  INFO   STORE   persisted vector store snapshot -> logs\vectorstore.json
2026-07-04 09:55:37  INFO   STORE   built vector index: 20 chunks, 282 vocabulary terms
2026-07-04 09:55:37  INFO   INGEST  reindexing knowledge base (poison_mode=False)
2026-07-04 09:55:37  INFO   CHUNK   airline_x_baggage          -> 3 chunk(s)
2026-07-04 09:55:37  INFO   CHUNK   company_faq                -> 3 chunk(s)
2026-07-04 09:55:37  INFO   CHUNK   destination_bali           -> 3 chunk(s)
2026-07-04 09:55:37  INFO   CHUNK   destination_barcelona      -> 2 chunk(s)
2026-07-04 09:55:37  INFO   CHUNK   destination_rome           -> 3 chunk(s)
2026-07-04 09:55:37  INFO   CHUNK   hotel_y_policy             -> 3 chunk(s)
2026-07-04 09:55:37  INFO   CHUNK   visa_thailand              -> 3 chunk(s)
2026-07-04 09:55:37  INFO   STORE   persisted vector store snapshot -> logs\vectorstore.json
2026-07-04 09:55:37  INFO   STORE   built vector index: 20 chunks, 282 vocabulary terms
2026-07-04 09:55:37  INFO   QUERY   tester=poison_demo  q='What is the economy baggage allowance for Airline X?'
2026-07-04 09:55:37  INFO   RETRIEVE top_k=4 -> airline_x_baggage#economy-0(0.411), airline_x_baggage#business-0(0.335), airline_x_baggage#refunds_and_changes-0(0.264), company_faq#refunds-0(0.171)
2026-07-04 09:55:37  INFO   ANSWER  used=3 chunk(s) latency=2ms
2026-07-04 09:55:37  INFO   QUERY   tester=poison_demo  q='What is the refund window for Hotel Y?'
2026-07-04 09:55:37  INFO   RETRIEVE top_k=4 -> hotel_y_policy#cancellation_and_refund_-0(0.460), hotel_y_policy#check_in-0(0.299), company_faq#refunds-0(0.290), hotel_y_policy#deposit_and_no_show-0(0.280)
2026-07-04 09:55:37  INFO   ANSWER  used=4 chunk(s) latency=0ms
2026-07-04 09:55:37  INFO   QUERY   tester=poison_demo  q='Do Indian passport holders need a visa for Thailand?'
2026-07-04 09:55:37  INFO   RETRIEVE top_k=4 -> visa_thailand#visa_on_arrival-0(0.545), visa_thailand#longer_stays-0(0.369), visa_thailand#notes-0(0.145), hotel_y_policy#deposit_and_no_show-0(0.066)
2026-07-04 09:55:37  INFO   ANSWER  used=2 chunk(s) latency=0ms
2026-07-04 09:55:37  INFO   QUERY   tester=poison_demo  q='Tell me about Paris travel notes.'
2026-07-04 09:55:37  INFO   RETRIEVE top_k=4 -> visa_thailand#notes-0(0.336), company_faq#support-0(0.120)
2026-07-04 09:55:37  INFO   ANSWER  used=1 chunk(s) latency=0ms
2026-07-04 09:55:37  INFO   INGEST  reindexing knowledge base (poison_mode=False)
2026-07-04 09:55:37  INFO   CHUNK   airline_x_baggage          -> 3 chunk(s)
2026-07-04 09:55:37  INFO   CHUNK   company_faq                -> 3 chunk(s)
2026-07-04 09:55:37  INFO   CHUNK   destination_bali           -> 3 chunk(s)
2026-07-04 09:55:37  INFO   CHUNK   destination_barcelona      -> 2 chunk(s)
2026-07-04 09:55:37  INFO   CHUNK   destination_rome           -> 3 chunk(s)
2026-07-04 09:55:37  INFO   CHUNK   hotel_y_policy             -> 3 chunk(s)
2026-07-04 09:55:37  INFO   CHUNK   visa_thailand              -> 3 chunk(s)
2026-07-04 09:55:37  INFO   STORE   persisted vector store snapshot -> logs\vectorstore.json
2026-07-04 09:55:37  INFO   STORE   built vector index: 20 chunks, 282 vocabulary terms
2026-07-04 09:55:37  INFO   INGEST  reindexing knowledge base (poison_mode=True)
2026-07-04 09:55:37  INFO   CHUNK   airline_x_baggage          -> 3 chunk(s)
2026-07-04 09:55:37  INFO   CHUNK   company_faq                -> 3 chunk(s)
2026-07-04 09:55:37  INFO   CHUNK   destination_bali           -> 3 chunk(s)
2026-07-04 09:55:37  INFO   CHUNK   destination_barcelona      -> 2 chunk(s)
2026-07-04 09:55:37  INFO   CHUNK   destination_rome           -> 3 chunk(s)
2026-07-04 09:55:37  INFO   CHUNK   hotel_y_policy             -> 3 chunk(s)
2026-07-04 09:55:37  INFO   CHUNK   visa_thailand              -> 3 chunk(s)
2026-07-04 09:55:37  INFO   CHUNK   POISON_airline_x_baggage_2026 -> 1 chunk(s)
2026-07-04 09:55:37  INFO   CHUNK   POISON_hotel_y_refund_policy -> 1 chunk(s)
2026-07-04 09:55:37  INFO   CHUNK   POISON_paris_travel_notes  -> 1 chunk(s)
2026-07-04 09:55:37  INFO   CHUNK   POISON_thailand_visa_update -> 1 chunk(s)
2026-07-04 09:55:37  INFO   STORE   persisted vector store snapshot -> logs\vectorstore.json
2026-07-04 09:55:37  INFO   STORE   built vector index: 24 chunks, 319 vocabulary terms
2026-07-04 09:55:37  INFO   QUERY   tester=poison_demo  q='What is the economy baggage allowance for Airline X?'
2026-07-04 09:55:37  INFO   RETRIEVE top_k=4 -> POISON_airline_x_baggage_2026#economy-0(0.594), airline_x_baggage#economy-0(0.396), airline_x_baggage#business-0(0.316), airline_x_baggage#refunds_and_changes-0(0.252)
2026-07-04 09:55:37  INFO   ANSWER  used=3 chunk(s) latency=0ms
2026-07-04 09:55:37  INFO   QUERY   tester=poison_demo  q='What is the refund window for Hotel Y?'
2026-07-04 09:55:37  INFO   RETRIEVE top_k=4 -> POISON_hotel_y_refund_policy#refunds-0(0.530), hotel_y_policy#cancellation_and_refund_-0(0.441), hotel_y_policy#check_in-0(0.300), company_faq#refunds-0(0.296)
2026-07-04 09:55:37  INFO   ANSWER  used=4 chunk(s) latency=1ms
2026-07-04 09:55:37  INFO   QUERY   tester=poison_demo  q='Do Indian passport holders need a visa for Thailand?'
2026-07-04 09:55:37  INFO   RETRIEVE top_k=4 -> POISON_thailand_visa_update#visa_on_arrival-0(0.566), visa_thailand#visa_on_arrival-0(0.478), visa_thailand#longer_stays-0(0.325), visa_thailand#notes-0(0.127)
2026-07-04 09:55:37  INFO   GUARD   indirect injection detected in chunk POISON_thailand_visa_update#visa_on_arrival-0 (defenses=False)
2026-07-04 09:55:37  INFO   ANSWER  used=3 chunk(s) latency=1ms
2026-07-04 09:55:37  INFO   QUERY   tester=poison_demo  q='Tell me about Paris travel notes.'
2026-07-04 09:55:37  INFO   RETRIEVE top_k=4 -> POISON_paris_travel_notes#notes-0(0.465), visa_thailand#notes-0(0.238), company_faq#support-0(0.087)
2026-07-04 09:55:37  INFO   GUARD   indirect injection detected in chunk POISON_paris_travel_notes#notes-0 (defenses=False)
2026-07-04 09:55:37  INFO   GUARD   redacted PII: ['[redacted-email]']
2026-07-04 09:55:37  INFO   ANSWER  used=2 chunk(s) latency=1ms
2026-07-04 09:55:37  INFO   INGEST  reindexing knowledge base (poison_mode=False)
2026-07-04 09:55:37  INFO   CHUNK   airline_x_baggage          -> 3 chunk(s)
2026-07-04 09:55:37  INFO   CHUNK   company_faq                -> 3 chunk(s)
2026-07-04 09:55:37  INFO   CHUNK   destination_bali           -> 3 chunk(s)
2026-07-04 09:55:37  INFO   CHUNK   destination_barcelona      -> 2 chunk(s)
2026-07-04 09:55:37  INFO   CHUNK   destination_rome           -> 3 chunk(s)
2026-07-04 09:55:37  INFO   CHUNK   hotel_y_policy             -> 3 chunk(s)
2026-07-04 09:55:37  INFO   CHUNK   visa_thailand              -> 3 chunk(s)
2026-07-04 09:55:37  INFO   STORE   persisted vector store snapshot -> logs\vectorstore.json
2026-07-04 09:55:37  INFO   STORE   built vector index: 20 chunks, 282 vocabulary terms
2026-07-04 09:55:37  INFO   INGEST  reindexing knowledge base (poison_mode=True)
2026-07-04 09:55:37  INFO   CHUNK   airline_x_baggage          -> 3 chunk(s)
2026-07-04 09:55:37  INFO   CHUNK   company_faq                -> 3 chunk(s)
2026-07-04 09:55:37  INFO   CHUNK   destination_bali           -> 3 chunk(s)
2026-07-04 09:55:37  INFO   CHUNK   destination_barcelona      -> 2 chunk(s)
2026-07-04 09:55:37  INFO   CHUNK   destination_rome           -> 3 chunk(s)
2026-07-04 09:55:37  INFO   CHUNK   hotel_y_policy             -> 3 chunk(s)
2026-07-04 09:55:37  INFO   CHUNK   visa_thailand              -> 3 chunk(s)
2026-07-04 09:55:37  INFO   CHUNK   POISON_airline_x_baggage_2026 -> 1 chunk(s)
2026-07-04 09:55:37  INFO   CHUNK   POISON_hotel_y_refund_policy -> 1 chunk(s)
2026-07-04 09:55:37  INFO   CHUNK   POISON_paris_travel_notes  -> 1 chunk(s)
2026-07-04 09:55:37  INFO   CHUNK   POISON_thailand_visa_update -> 1 chunk(s)
2026-07-04 09:55:37  INFO   STORE   persisted vector store snapshot -> logs\vectorstore.json
2026-07-04 09:55:37  INFO   STORE   built vector index: 24 chunks, 319 vocabulary terms
2026-07-04 09:55:37  INFO   QUERY   tester=poison_demo  q='What is the economy baggage allowance for Airline X?'
2026-07-04 09:55:37  INFO   RETRIEVE top_k=4 -> POISON_airline_x_baggage_2026#economy-0(0.594), airline_x_baggage#economy-0(0.396), airline_x_baggage#business-0(0.316), airline_x_baggage#refunds_and_changes-0(0.252)
2026-07-04 09:55:37  INFO   ANSWER  used=3 chunk(s) latency=0ms
2026-07-04 09:55:37  INFO   QUERY   tester=poison_demo  q='What is the refund window for Hotel Y?'
2026-07-04 09:55:37  INFO   RETRIEVE top_k=4 -> POISON_hotel_y_refund_policy#refunds-0(0.530), hotel_y_policy#cancellation_and_refund_-0(0.441), hotel_y_policy#check_in-0(0.300), company_faq#refunds-0(0.296)
2026-07-04 09:55:37  INFO   ANSWER  used=4 chunk(s) latency=0ms
2026-07-04 09:55:37  INFO   QUERY   tester=poison_demo  q='Do Indian passport holders need a visa for Thailand?'
2026-07-04 09:55:37  INFO   RETRIEVE top_k=4 -> POISON_thailand_visa_update#visa_on_arrival-0(0.566), visa_thailand#visa_on_arrival-0(0.478), visa_thailand#longer_stays-0(0.325), visa_thailand#notes-0(0.127)
2026-07-04 09:55:37  INFO   GUARD   indirect injection detected in chunk POISON_thailand_visa_update#visa_on_arrival-0 (defenses=True)
2026-07-04 09:55:37  INFO   ANSWER  used=3 chunk(s) latency=0ms
2026-07-04 09:55:37  INFO   QUERY   tester=poison_demo  q='Tell me about Paris travel notes.'
2026-07-04 09:55:37  INFO   RETRIEVE top_k=4 -> POISON_paris_travel_notes#notes-0(0.465), visa_thailand#notes-0(0.238), company_faq#support-0(0.087)
2026-07-04 09:55:37  INFO   GUARD   indirect injection detected in chunk POISON_paris_travel_notes#notes-0 (defenses=True)
2026-07-04 09:55:37  INFO   GUARD   redacted PII: ['[redacted-email]']
2026-07-04 09:55:37  INFO   ANSWER  used=2 chunk(s) latency=1ms
2026-07-06 07:39:46  INFO   INGEST  reindexing knowledge base (poison_mode=False)
2026-07-06 07:39:46  INFO   CHUNK   airline_x_baggage          -> 3 chunk(s)
2026-07-06 07:39:46  INFO   CHUNK   company_faq                -> 3 chunk(s)
2026-07-06 07:39:46  INFO   CHUNK   destination_bali           -> 3 chunk(s)
2026-07-06 07:39:46  INFO   CHUNK   destination_barcelona      -> 2 chunk(s)
2026-07-06 07:39:46  INFO   CHUNK   destination_rome           -> 3 chunk(s)
2026-07-06 07:39:46  INFO   CHUNK   hotel_y_policy             -> 3 chunk(s)
2026-07-06 07:39:46  INFO   CHUNK   visa_thailand              -> 3 chunk(s)
2026-07-06 07:39:46  INFO   STORE   persisted vector store snapshot -> logs\vectorstore.json
2026-07-06 07:39:46  INFO   STORE   built vector index: 20 chunks, 282 vocabulary terms
2026-07-06 07:39:48  INFO   SERVER  starting on http://localhost:8003 (chunks=20, poison=False)
2026-07-06 20:44:31  INFO   INGEST  reindexing knowledge base (poison_mode=False)
2026-07-06 20:44:31  INFO   CHUNK   airline_x_baggage          -> 3 chunk(s)
2026-07-06 20:44:31  INFO   CHUNK   company_faq                -> 3 chunk(s)
2026-07-06 20:44:31  INFO   CHUNK   destination_bali           -> 3 chunk(s)
2026-07-06 20:44:31  INFO   CHUNK   destination_barcelona      -> 2 chunk(s)
2026-07-06 20:44:31  INFO   CHUNK   destination_rome           -> 3 chunk(s)
2026-07-06 20:44:31  INFO   CHUNK   hotel_y_policy             -> 3 chunk(s)
2026-07-06 20:44:31  INFO   CHUNK   visa_thailand              -> 3 chunk(s)
2026-07-06 20:44:31  INFO   STORE   persisted vector store snapshot -> logs\vectorstore.json
2026-07-06 20:44:31  INFO   STORE   built vector index: 20 chunks, 282 vocabulary terms
2026-07-06 20:44:33  INFO   SERVER  starting on http://localhost:8003 (chunks=20, poison=False)
2026-07-06 20:44:47  INFO   QUERY   tester=tester1  q='What is the best time to visit Bali?'
2026-07-06 20:44:47  INFO   RETRIEVE top_k=4 -> destination_bali#best_time_to_visit-0(0.576), destination_barcelona#best_time_to_visit-0(0.458), destination_rome#best_time_to_visit-0(0.359), destination_bali#safety-0(0.187)
2026-07-06 20:44:47  INFO   ANSWER  used=3 chunk(s) latency=4ms
2026-07-06 20:45:32  INFO   QUERY   tester=tester1  q='What is the economy baggage allowance for Airline X?'
2026-07-06 20:45:32  INFO   RETRIEVE top_k=4 -> airline_x_baggage#economy-0(0.411), airline_x_baggage#business-0(0.335), airline_x_baggage#refunds_and_changes-0(0.264), company_faq#refunds-0(0.171)
2026-07-06 20:45:32  INFO   ANSWER  used=3 chunk(s) latency=1ms
2026-07-06 20:45:49  INFO   QUERY   tester=tester1  q='What is the visa fee for Japan?'
2026-07-06 20:45:49  INFO   RETRIEVE top_k=4 -> visa_thailand#visa_on_arrival-0(0.356), visa_thailand#longer_stays-0(0.223), visa_thailand#notes-0(0.159), company_faq#refunds-0(0.143)
2026-07-06 20:45:49  INFO   ANSWER  used=2 chunk(s) latency=2ms
2026-07-06 20:46:19  INFO   QUERY   tester=tester1  q='What is the visa fee for Japan?'
2026-07-06 20:46:19  INFO   RETRIEVE top_k=4 -> visa_thailand#visa_on_arrival-0(0.356), visa_thailand#longer_stays-0(0.223), visa_thailand#notes-0(0.159), company_faq#refunds-0(0.143)
2026-07-06 20:46:19  INFO   ANSWER  used=2 chunk(s) latency=1ms
2026-07-06 20:47:02  INFO   QUERY   tester=tester1  q=''
2026-07-06 20:47:02  INFO   RETRIEVE top_k=4 -> no matches
2026-07-06 20:47:02  INFO   ABSTAIN best_score=0.000 threshold=0.060 coverage=1.00
2026-07-06 20:58:38  INFO   QUERY   tester=tester1  q='carry-on size for Airline X economy'
2026-07-06 20:58:38  INFO   RETRIEVE top_k=4 -> airline_x_baggage#economy-0(0.475), airline_x_baggage#business-0(0.303), airline_x_baggage#refunds_and_changes-0(0.218), company_faq#refunds-0(0.215)
2026-07-06 20:58:38  INFO   ANSWER  used=2 chunk(s) latency=1ms
2026-07-06 20:59:10  INFO   QUERY   tester=tester1  q='How many kg checked baggage in Airline X economy?'
2026-07-06 20:59:10  INFO   RETRIEVE top_k=4 -> airline_x_baggage#economy-0(0.533), airline_x_baggage#business-0(0.420), airline_x_baggage#refunds_and_changes-0(0.255), hotel_y_policy#check_in-0(0.089)
2026-07-06 20:59:10  INFO   ANSWER  used=2 chunk(s) latency=1ms
2026-07-06 20:59:45  INFO   QUERY   tester=tester1  q='List Rome attractions.'
2026-07-06 20:59:45  INFO   RETRIEVE top_k=4 -> destination_rome#attractions-0(0.383), destination_bali#attractions-0(0.236), destination_rome#getting_around-0(0.166), destination_rome#best_time_to_visit-0(0.143)
2026-07-06 20:59:45  INFO   ANSWER  used=2 chunk(s) latency=1ms
2026-07-06 21:03:41  INFO   QUERY   tester=tester1  q='What is the best time to visit Bali?'
2026-07-06 21:03:41  INFO   RETRIEVE top_k=4 -> destination_bali#best_time_to_visit-0(0.576), destination_barcelona#best_time_to_visit-0(0.458), destination_rome#best_time_to_visit-0(0.359), destination_bali#safety-0(0.187)
2026-07-06 21:03:41  INFO   ANSWER  used=3 chunk(s) latency=1ms
2026-07-08 21:37:36  INFO   INGEST  reindexing knowledge base (poison_mode=False)
2026-07-08 21:37:37  INFO   CHUNK   airline_x_baggage          -> 3 chunk(s)
2026-07-08 21:37:37  INFO   CHUNK   company_faq                -> 3 chunk(s)
2026-07-08 21:37:37  INFO   CHUNK   destination_bali           -> 3 chunk(s)
2026-07-08 21:37:37  INFO   CHUNK   destination_barcelona      -> 2 chunk(s)
2026-07-08 21:37:37  INFO   CHUNK   destination_rome           -> 3 chunk(s)
2026-07-08 21:37:37  INFO   CHUNK   hotel_y_policy             -> 3 chunk(s)
2026-07-08 21:37:37  INFO   CHUNK   visa_thailand              -> 3 chunk(s)
2026-07-08 21:37:37  INFO   STORE   persisted vector store snapshot -> logs\vectorstore.json
2026-07-08 21:37:37  INFO   STORE   built vector index: 20 chunks, 282 vocabulary terms
2026-07-08 21:37:39  INFO   SERVER  starting on http://localhost:8003 (chunks=20, poison=False)
2026-08-10 20:14:57  INFO   INGEST  reindexing knowledge base (poison_mode=False)
2026-08-10 20:14:57  INFO   CHUNK   airline_x_baggage          -> 3 chunk(s)
2026-08-10 20:14:57  INFO   CHUNK   company_faq                -> 3 chunk(s)
2026-08-10 20:14:57  INFO   CHUNK   destination_bali           -> 3 chunk(s)
2026-08-10 20:14:57  INFO   CHUNK   destination_barcelona      -> 2 chunk(s)
2026-08-10 20:14:57  INFO   CHUNK   destination_rome           -> 3 chunk(s)
2026-08-10 20:14:57  INFO   CHUNK   hotel_y_policy             -> 3 chunk(s)
2026-08-10 20:14:57  INFO   CHUNK   visa_thailand              -> 3 chunk(s)
2026-08-10 20:14:57  INFO   STORE   persisted vector store snapshot -> logs\vectorstore.json
2026-08-10 20:14:57  INFO   STORE   built vector index: 20 chunks, 282 vocabulary terms
2026-08-10 20:14:59  INFO   SERVER  starting on http://localhost:8003 (chunks=20, poison=False)
2026-08-10 20:57:07  INFO   PROBE   q='best time ' top_k=4 expected=- rank=None
2026-08-10 20:57:21  INFO   PROBE   q='best time  to visit ' top_k=4 expected=- rank=None
2026-08-10 20:57:26  INFO   PROBE   q='best time  to visit to bali' top_k=4 expected=- rank=None
